Component: ARM Compiler 5.05 update 2 (build 169) Tool: armlink [4d0f33]

==============================================================================

Section Cross References

    main.o(i.main) refers to system.o(i.System_Init) for System_Init
    main.o(i.main) refers to system.o(i.Task_Schedule) for Task_Schedule
    stm32f10x_it.o(i.EXTI2_IRQHandler) refers to stm32f10x_exti.o(i.EXTI_GetITStatus) for EXTI_GetITStatus
    stm32f10x_it.o(i.EXTI2_IRQHandler) refers to si24r1.o(i.SI24R1_read_reg) for SI24R1_read_reg
    stm32f10x_it.o(i.EXTI2_IRQHandler) refers to si24r1.o(i.SI24R1set_Mode) for SI24R1set_Mode
    stm32f10x_it.o(i.EXTI2_IRQHandler) refers to si24r1.o(i.SI24R1_write_reg) for SI24R1_write_reg
    stm32f10x_it.o(i.EXTI2_IRQHandler) refers to si24r1.o(i.SI24R1_RxPacket) for SI24R1_RxPacket
    stm32f10x_it.o(i.EXTI2_IRQHandler) refers to remotedata.o(i.Remote_Data_ReceiveAnalysis) for Remote_Data_ReceiveAnalysis
    stm32f10x_it.o(i.EXTI2_IRQHandler) refers to stm32f10x_exti.o(i.EXTI_ClearITPendingBit) for EXTI_ClearITPendingBit
    stm32f10x_it.o(i.EXTI2_IRQHandler) refers to si24r1.o(.bss) for SI24R1_RX_DATA
    stm32f10x_it.o(i.TIM4_IRQHandler) refers to stm32f10x_tim.o(i.TIM_GetITStatus) for TIM_GetITStatus
    stm32f10x_it.o(i.TIM4_IRQHandler) refers to stm32f10x_tim.o(i.TIM_ClearITPendingBit) for TIM_ClearITPendingBit
    stm32f10x_it.o(i.TIM4_IRQHandler) refers to stm32f10x_it.o(.data) for ms2
    stm32f10x_it.o(i.USART1_IRQHandler) refers to stm32f10x_usart.o(i.USART_GetITStatus) for USART_GetITStatus
    stm32f10x_it.o(i.USART1_IRQHandler) refers to ano_dt.o(i.ANO_DT_Data_Receive_Prepare) for ANO_DT_Data_Receive_Prepare
    stm32f10x_it.o(i.USART1_IRQHandler) refers to stm32f10x_usart.o(i.USART_ClearITPendingBit) for USART_ClearITPendingBit
    led.o(i.ACC_Offset_LED) refers to led.o(i.RGB_LED_Off) for RGB_LED_Off
    led.o(i.ACC_Offset_LED) refers to led.o(i.RGB_LED_green) for RGB_LED_green
    led.o(i.ACC_Offset_LED) refers to delay.o(i.Delay_ms) for Delay_ms
    led.o(i.BAR_Offset_LED) refers to led.o(i.RGB_LED_Off) for RGB_LED_Off
    led.o(i.BAR_Offset_LED) refers to led.o(i.RGB_LED_Violet) for RGB_LED_Violet
    led.o(i.BAR_Offset_LED) refers to delay.o(i.Delay_ms) for Delay_ms
    led.o(i.BATT_Alarm_LED) refers to led.o(i.RGB_LED_Red) for RGB_LED_Red
    led.o(i.BATT_Alarm_LED) refers to led.o(i.RGB_LED_Off) for RGB_LED_Off
    led.o(i.BATT_Alarm_LED) refers to power.o(.data) for BATT_LEDflag
    led.o(i.BATT_Alarm_LED) refers to led.o(.data) for flag
    led.o(i.GYRO_Offset_LED) refers to led.o(i.RGB_LED_Off) for RGB_LED_Off
    led.o(i.GYRO_Offset_LED) refers to led.o(i.RGB_LED_Blue) for RGB_LED_Blue
    led.o(i.GYRO_Offset_LED) refers to delay.o(i.Delay_ms) for Delay_ms
    led.o(i.LED_Init) refers to stm32f10x_rcc.o(i.RCC_APB2PeriphClockCmd) for RCC_APB2PeriphClockCmd
    led.o(i.LED_Init) refers to stm32f10x_gpio.o(i.GPIO_Init) for GPIO_Init
    led.o(i.LED_Init) refers to stm32f10x_gpio.o(i.GPIO_SetBits) for GPIO_SetBits
    led.o(i.LED_Init) refers to stm32f10x_gpio.o(i.GPIO_ResetBits) for GPIO_ResetBits
    led.o(i.LED_Run) refers to stm32f10x_gpio.o(i.GPIO_SetBits) for GPIO_SetBits
    led.o(i.LED_Run) refers to stm32f10x_gpio.o(i.GPIO_ResetBits) for GPIO_ResetBits
    led.o(i.LED_Run) refers to led.o(.data) for flag
    led.o(i.RGB_LED_Blue) refers to led.o(i.Write24Bit) for Write24Bit
    led.o(i.RGB_LED_Cyan) refers to led.o(i.Write24Bit) for Write24Bit
    led.o(i.RGB_LED_FLY) refers to led.o(i.Write24Bit) for Write24Bit
    led.o(i.RGB_LED_Off) refers to led.o(i.Write24Bit) for Write24Bit
    led.o(i.RGB_LED_Orange) refers to led.o(i.Write24Bit) for Write24Bit
    led.o(i.RGB_LED_Rand) refers to rand.o(.text) for rand
    led.o(i.RGB_LED_Rand) refers to led.o(i.Write24Bit) for Write24Bit
    led.o(i.RGB_LED_Red) refers to led.o(i.Write24Bit) for Write24Bit
    led.o(i.RGB_LED_Runing) refers to led.o(i.Write24Bit) for Write24Bit
    led.o(i.RGB_LED_Runing) refers to led.o(.data) for times
    led.o(i.RGB_LED_Violet) refers to led.o(i.Write24Bit) for Write24Bit
    led.o(i.RGB_LED_White) refers to led.o(i.Write24Bit) for Write24Bit
    led.o(i.RGB_LED_Yellow) refers to led.o(i.Write24Bit) for Write24Bit
    led.o(i.RGB_LED_green) refers to led.o(i.Write24Bit) for Write24Bit
    led.o(i.RGB_WByte) refers to led.o(i.Write1) for Write1
    led.o(i.RGB_WByte) refers to led.o(i.Write0) for Write0
    led.o(i.Write24Bit) refers to led.o(i.RGB_WByte) for RGB_WByte
    delay.o(i.Delay_Init) refers to misc.o(i.SysTick_CLKSourceConfig) for SysTick_CLKSourceConfig
    delay.o(i.Delay_Init) refers to system_stm32f10x.o(.data) for SystemCoreClock
    delay.o(i.Delay_Init) refers to delay.o(.data) for D_us
    delay.o(i.Delay_ms) refers to delay.o(.data) for D_ms
    delay.o(i.Delay_us) refers to delay.o(.data) for D_us
    usart.o(i.USART_init) refers to stm32f10x_rcc.o(i.RCC_APB2PeriphClockCmd) for RCC_APB2PeriphClockCmd
[...]
    C:\\Keil_v5\\ARM\\PACK\\Keil\\STM32F1xx_DFP\\1.1.0\\Device\\StdPeriph_Driver\\src\\stm32f10x_flash.c 0x00000000   Number         0  stm32f10x_flash.o ABSOLUTE
    C:\\Keil_v5\\ARM\\PACK\\Keil\\STM32F1xx_DFP\\1.1.0\\Device\\StdPeriph_Driver\\src\\stm32f10x_gpio.c 0x00000000   Number         0  stm32f10x_gpio.o ABSOLUTE
    C:\\Keil_v5\\ARM\\PACK\\Keil\\STM32F1xx_DFP\\1.1.0\\Device\\StdPeriph_Driver\\src\\stm32f10x_rcc.c 0x00000000   Number         0  stm32f10x_rcc.o ABSOLUTE
    C:\\Keil_v5\\ARM\\PACK\\Keil\\STM32F1xx_DFP\\1.1.0\\Device\\StdPeriph_Driver\\src\\stm32f10x_spi.c 0x00000000   Number         0  stm32f10x_spi.o ABSOLUTE
    C:\\Keil_v5\\ARM\\PACK\\Keil\\STM32F1xx_DFP\\1.1.0\\Device\\StdPeriph_Driver\\src\\stm32f10x_tim.c 0x00000000   Number         0  stm32f10x_tim.o ABSOLUTE
    C:\\Keil_v5\\ARM\\PACK\\Keil\\STM32F1xx_DFP\\1.1.0\\Device\\StdPeriph_Driver\\src\\stm32f10x_usart.c 0x00000000   Number         0  stm32f10x_usart.o ABSOLUTE
    COMMUNICATE\ANO_DT.c                     0x00000000   Number         0  ano_dt.o ABSOLUTE
    COMMUNICATE\\ANO_DT.c                    0x00000000   Number         0  ano_dt.o ABSOLUTE
    COMMUNICATE\\remotedata.c                0x00000000   Number         0  remotedata.o ABSOLUTE
    COMMUNICATE\remotedata.c                 0x00000000   Number         0  remotedata.o ABSOLUTE
    CONTROL\\altitude.c                      0x00000000   Number         0  altitude.o ABSOLUTE
    CONTROL\\control.c                       0x00000000   Number         0  control.o ABSOLUTE
    CONTROL\\paramsave.c                     0x00000000   Number         0  paramsave.o ABSOLUTE
    CONTROL\\pid.c                           0x00000000   Number         0  pid.o ABSOLUTE
    CONTROL\altitude.c                       0x00000000   Number         0  altitude.o ABSOLUTE
    CONTROL\control.c                        0x00000000   Number         0  control.o ABSOLUTE
    CONTROL\paramsave.c                      0x00000000   Number         0  paramsave.o ABSOLUTE
    CONTROL\pid.c                            0x00000000   Number         0  pid.o ABSOLUTE
    Drive\\src\\delay.c                      0x00000000   Number         0  delay.o ABSOLUTE
    Drive\\src\\exit.c                       0x00000000   Number         0  exit.o ABSOLUTE
    Drive\\src\\fbm320.c                     0x00000000   Number         0  fbm320.o ABSOLUTE
    Drive\\src\\flash.c                      0x00000000   Number         0  flash.o ABSOLUTE
    Drive\\src\\iic.c                        0x00000000   Number         0  iic.o ABSOLUTE
    Drive\\src\\led.c                        0x00000000   Number         0  led.o ABSOLUTE
    Drive\\src\\motor.c                      0x00000000   Number         0  motor.o ABSOLUTE
    Drive\\src\\mpu6050.c                    0x00000000   Number         0  mpu6050.o ABSOLUTE
    Drive\\src\\nvic.c                       0x00000000   Number         0  nvic.o ABSOLUTE
    Drive\\src\\power.c                      0x00000000   Number         0  power.o ABSOLUTE
    Drive\\src\\si24r1.c                     0x00000000   Number         0  si24r1.o ABSOLUTE
    Drive\\src\\spi.c                        0x00000000   Number         0  spi.o ABSOLUTE
    Drive\\src\\system.c                     0x00000000   Number         0  system.o ABSOLUTE
    Drive\\src\\tim.c                        0x00000000   Number         0  tim.o ABSOLUTE
    Drive\\src\\usart.c                      0x00000000   Number         0  usart.o ABSOLUTE
    Drive\src\delay.c                        0x00000000   Number         0  delay.o ABSOLUTE
    Drive\src\exit.c                         0x00000000   Number         0  exit.o ABSOLUTE
    Drive\src\fbm320.c                       0x00000000   Number         0  fbm320.o ABSOLUTE
    Drive\src\flash.c                        0x00000000   Number         0  flash.o ABSOLUTE
    Drive\src\iic.c                          0x00000000   Number         0  iic.o ABSOLUTE
    Drive\src\led.c                          0x00000000   Number         0  led.o ABSOLUTE
    Drive\src\motor.c                        0x00000000   Number         0  motor.o ABSOLUTE
    Drive\src\mpu6050.c                      0x00000000   Number         0  mpu6050.o ABSOLUTE
    Drive\src\nvic.c                         0x00000000   Number         0  nvic.o ABSOLUTE
    Drive\src\power.c                        0x00000000   Number         0  power.o ABSOLUTE
    Drive\src\si24r1.c                       0x00000000   Number         0  si24r1.o ABSOLUTE
    Drive\src\spi.c                          0x00000000   Number         0  spi.o ABSOLUTE
    Drive\src\system.c                       0x00000000   Number         0  system.o ABSOLUTE
    Drive\src\tim.c                          0x00000000   Number         0  tim.o ABSOLUTE
    Drive\src\usart.c                        0x00000000   Number         0  usart.o ABSOLUTE
    IMU\\filter.c                            0x00000000   Number         0  filter.o ABSOLUTE
    IMU\\imu.c                               0x00000000   Number         0  imu.o ABSOLUTE
    IMU\filter.c                             0x00000000   Number         0  filter.o ABSOLUTE
    IMU\imu.c                                0x00000000   Number         0  imu.o ABSOLUTE
    RTE\Device\STM32F103C8\startup_stm32f10x_md.s 0x00000000   Number         0  startup_stm32f10x_md.o ABSOLUTE
    RTE\Device\STM32F103C8\system_stm32f10x.c 0x00000000   Number         0  system_stm32f10x.o ABSOLUTE
    RTE\\Device\\STM32F103C8\\system_stm32f10x.c 0x00000000   Number         0  system_stm32f10x.o ABSOLUTE
    USER\\main.c                             0x00000000   Number         0  main.o ABSOLUTE
    USER\\stm32f10x_it.c                     0x00000000   Number         0  stm32f10x_it.o ABSOLUTE
    USER\main.c                              0x00000000   Number         0  main.o ABSOLUTE
    USER\stm32f10x_it.c                      0x00000000   Number         0  stm32f10x_it.o ABSOLUTE
    cdcmple.s                                0x00000000   Number         0  cdcmple.o ABSOLUTE
    cdrcmple.s                               0x00000000   Number         0  cdrcmple.o ABSOLUTE
    cfcmple.s                                0x00000000   Number         0  cfcmple.o ABSOLUTE
    cfrcmple.s                               0x00000000   Number         0  cfrcmple.o ABSOLUTE
    dc.s                                     0x00000000   Number         0  dc.o ABSOLUTE
    handlers.s                               0x00000000   Number         0  handlers.o ABSOLUTE
    init.s                                   0x00000000   Number         0  init.o ABSOLUTE
    RESET                                    0x08000000   Section      236  startup_stm32f10x_md.o(RESET)
    .ARM.Collect$$$$00000000                 0x080000ec   Section        0  entry.o(.ARM.Collect$$$$00000000)
    .ARM.Collect$$$$00000001                 0x080000ec   Section        4  entry2.o(.ARM.Collect$$$$00000001)
    .ARM.Collect$$$$00000004                 0x080000f0   Section        4  entry5.o(.ARM.Collect$$$$00000004)
    .ARM.Collect$$$$00000008                 0x080000f4   Section        0  entry7b.o(.ARM.Collect$$$$00000008)
    .ARM.Collect$$$$0000000A                 0x080000f4   Section        0  entry8b.o(.ARM.Collect$$$$0000000A)
    .ARM.Collect$$$$0000000B                 0x080000f4   Section        8  entry9a.o(.ARM.Collect$$$$0000000B)
    .ARM.Collect$$$$0000000D                 0x080000fc   Section        0  entry10a.o(.ARM.Collect$$$$0000000D)
    .ARM.Collect$$$$0000000F                 0x080000fc   Section        0  entry11a.o(.ARM.Collect$$$$0000000F)
    .ARM.Collect$$$$00002712                 0x080000fc   Section        4  entry2.o(.ARM.Collect$$$$00002712)
    __lit__00000000                          0x080000fc   Data           4  entry2.o(.ARM.Collect$$$$00002712)
    .text                                    0x08000100   Section       36  startup_stm32f10x_md.o(.text)
    .text                                    0x08000124   Section        0  memcpya.o(.text)
    .text                                    0x08000148   Section        0  fadd.o(.text)
    .text                                    0x080001f8   Section        0  fmul.o(.text)
    .text                                    0x0800025c   Section        0  fdiv.o(.text)
    .text                                    0x080002d8   Section        0  dmul.o(.text)
    .text                                    0x080003bc   Section        0  fflti.o(.text)
    .text                                    0x080003ce   Section        0  dflti.o(.text)
    .text                                    0x080003f0   Section        0  ffixi.o(.text)
    .text                                    0x08000422   Section        0  ffixui.o(.text)
    .text                                    0x0800044a   Section        0  f2d.o(.text)
    .text                                    0x08000470   Section       48  cdrcmple.o(.text)
    .text                                    0x080004a0   Section        0  d2f.o(.text)
    .text                                    0x080004d8   Section       20  cfcmple.o(.text)
    .text                                    0x080004ec   Section       20  cfrcmple.o(.text)
    .text                                    0x08000500   Section        0  uidiv.o(.text)
    .text                                    0x0800052c   Section        0  uldiv.o(.text)
    .text                                    0x0800058e   Section        0  llshl.o(.text)
    .text                                    0x080005ac   Section        0  fepilogue.o(.text)
    .text                                    0x080005ac   Section        0  iusefp.o(.text)
    .text                                    0x0800061a   Section        0  depilogue.o(.text)
    .text                                    0x080006d4   Section        0  dadd.o(.text)
    .text                                    0x08000822   Section        0  ddiv.o(.text)
    .text                                    0x08000900   Section        0  dscalb.o(.text)
    .text                                    0x0800092e   Section        0  dfixul.o(.text)
    .text                                    0x08000960   Section       36  init.o(.text)
    .text                                    0x08000984   Section        0  llushr.o(.text)
    .text                                    0x080009a4   Section        0  llsshr.o(.text)
    .text                                    0x080009c8   Section        0  dsqrt.o(.text)
    .text                                    0x08000a6a   Section        0  __dczerorl2.o(.text)
    i.ACC_Offset_LED                         0x08000ac0   Section        0  led.o(i.ACC_Offset_LED)
    i.ANO_DT_Data_Receive_Anl                0x08000b00   Section        0  ano_dt.o(i.ANO_DT_Data_Receive_Anl)
    i.ANO_DT_Data_Receive_Prepare            0x0800100c   Section        0  ano_dt.o(i.ANO_DT_Data_Receive_Prepare)
    i.ANO_DT_Send_Check                      0x08001100   Section        0  ano_dt.o(i.ANO_DT_Send_Check)
    ANO_DT_Send_Check                        0x08001101   Thumb Code    66  ano_dt.o(i.ANO_DT_Send_Check)
    i.ANO_DT_Send_Data                       0x08001148   Section        0  ano_dt.o(i.ANO_DT_Send_Data)
    i.Button_command                         0x08001158   Section        0  remotedata.o(i.Button_command)
    i.Delay_Init                             0x080011dc   Section        0  delay.o(i.Delay_Init)
    i.Delay_ms                               0x08001220   Section        0  delay.o(i.Delay_ms)
    i.Delay_us                               0x08001268   Section        0  delay.o(i.Delay_us)
    i.EXTI2_IRQHandler                       0x080012b0   Section        0  stm32f10x_it.o(i.EXTI2_IRQHandler)
    i.EXTI_ClearITPendingBit                 0x08001330   Section        0  stm32f10x_exti.o(i.EXTI_ClearITPendingBit)
    i.EXTI_GetITStatus                       0x0800133c   Section        0  stm32f10x_exti.o(i.EXTI_GetITStatus)
    i.FLASH_ErasePage                        0x08001364   Section        0  stm32f10x_flash.o(i.FLASH_ErasePage)
    i.FLASH_GetBank1Status                   0x080013b0   Section        0  stm32f10x_flash.o(i.FLASH_GetBank1Status)
    i.FLASH_Lock                             0x080013e4   Section        0  stm32f10x_flash.o(i.FLASH_Lock)
    i.FLASH_ProgramWord                      0x080013f8   Section        0  stm32f10x_flash.o(i.FLASH_ProgramWord)
    i.FLASH_Unlock                           0x08001464   Section        0  stm32f10x_flash.o(i.FLASH_Unlock)
    i.FLASH_WaitForLastOperation             0x0800147c   Section        0  stm32f10x_flash.o(i.FLASH_WaitForLastOperation)
    i.FindPos                                0x080014a2   Section        0  filter.o(i.FindPos)
    i.GPIO_Init                              0x080014fc   Section        0  stm32f10x_gpio.o(i.GPIO_Init)
    i.GPIO_ResetBits                         0x08001612   Section        0  stm32f10x_gpio.o(i.GPIO_ResetBits)
    i.GPIO_SetBits                           0x08001616   Section        0  stm32f10x_gpio.o(i.GPIO_SetBits)
    i.GYRO_Offset_LED                        0x0800161a   Section        0  led.o(i.GYRO_Offset_LED)
    i.IIC_Ack                                0x08001658   Section        0  iic.o(i.IIC_Ack)
    i.IIC_GPIO_Init                          0x08001694   Section        0  iic.o(i.IIC_GPIO_Init)
    i.IIC_NAck                               0x080016cc   Section        0  iic.o(i.IIC_NAck)
    i.IIC_ReadByte                           0x08001708   Section        0  iic.o(i.IIC_ReadByte)
    i.IIC_ReadByteFromSlave                  0x08001764   Section        0  iic.o(i.IIC_ReadByteFromSlave)
    i.IIC_ReadMultByteFromSlave              0x080017ae   Section        0  iic.o(i.IIC_ReadMultByteFromSlave)
    i.IIC_SendByte                           0x08001820   Section        0  iic.o(i.IIC_SendByte)
    i.IIC_Start                              0x08001884   Section        0  iic.o(i.IIC_Start)
    i.IIC_Stop                               0x080018bc   Section        0  iic.o(i.IIC_Stop)
    i.IIC_WaitAck                            0x080018f0   Section        0  iic.o(i.IIC_WaitAck)
    i.IIC_WriteByteToSlave                   0x08001948   Section        0  iic.o(i.IIC_WriteByteToSlave)
    i.IMUupdate                              0x08001990   Section        0  imu.o(i.IMUupdate)
    i.LED_Init                               0x08001fac   Section        0  led.o(i.LED_Init)
    i.LED_Run                                0x08001fec   Section        0  led.o(i.LED_Run)
    i.MPU6050_Check                          0x08002020   Section        0  mpu6050.o(i.MPU6050_Check)
    i.MPU6050_Init                           0x08002054   Section        0  mpu6050.o(i.MPU6050_Init)
    i.MPU6050_OffSet                         0x080020a4   Section        0  mpu6050.o(i.MPU6050_OffSet)
    i.MPU6050_Offset                         0x08002164   Section        0  mpu6050.o(i.MPU6050_Offset)
    i.MPU6050_Read                           0x08002290   Section        0  mpu6050.o(i.MPU6050_Read)
    i.MPU6050_ReadByte                       0x080022a4   Section        0  mpu6050.o(i.MPU6050_ReadByte)
    i.MPU6050_ReadMultBytes                  0x080022be   Section        0  mpu6050.o(i.MPU6050_ReadMultBytes)
    i.MPU6050_WriteByte                      0x080022dc   Section        0  mpu6050.o(i.MPU6050_WriteByte)
    i.MPU6050_getDeviceID                    0x080022f6   Section        0  mpu6050.o(i.MPU6050_getDeviceID)
    i.MPU6050_testConnection                 0x08002306   Section        0  mpu6050.o(i.MPU6050_testConnection)
    i.NVIC_Init                              0x08002318   Section        0  misc.o(i.NVIC_Init)
    i.NVIC_PriorityGroupConfig               0x08002388   Section        0  misc.o(i.NVIC_PriorityGroupConfig)
    i.NvicConfig                             0x0800239c   Section        0  nvic.o(i.NvicConfig)
    i.PID_WriteFlash                         0x080023fc   Section        0  paramsave.o(i.PID_WriteFlash)
    i.ParamsToTable                          0x08002438   Section        0  paramsave.o(i.ParamsToTable)
    i.Prepare_Data                           0x0800267c   Section        0  imu.o(i.Prepare_Data)
    i.QuiteSort                              0x08002804   Section        0  filter.o(i.QuiteSort)
    i.RCC_APB1PeriphClockCmd                 0x0800283c   Section        0  stm32f10x_rcc.o(i.RCC_APB1PeriphClockCmd)
    i.RCC_APB2PeriphClockCmd                 0x0800285c   Section        0  stm32f10x_rcc.o(i.RCC_APB2PeriphClockCmd)
    i.RCC_GetClocksFreq                      0x0800287c   Section        0  stm32f10x_rcc.o(i.RCC_GetClocksFreq)
    i.RGB_LED_Blue                           0x08002950   Section        0  led.o(i.RGB_LED_Blue)
    i.RGB_LED_FLY                            0x0800296a   Section        0  led.o(i.RGB_LED_FLY)
    i.RGB_LED_Off                            0x08002994   Section        0  led.o(i.RGB_LED_Off)
    i.RGB_LED_green                          0x080029ae   Section        0  led.o(i.RGB_LED_green)
    i.RGB_WByte                              0x080029c8   Section        0  led.o(i.RGB_WByte)
    i.Remote_Data_ReceiveAnalysis            0x080029f0   Section        0  remotedata.o(i.Remote_Data_ReceiveAnalysis)
    i.SDA_IN                                 0x08002a84   Section        0  iic.o(i.SDA_IN)
    i.SDA_OUT                                0x08002aac   Section        0  iic.o(i.SDA_OUT)
    i.SI24R1_Read_Buf                        0x08002ad8   Section        0  si24r1.o(i.SI24R1_Read_Buf)
    i.SI24R1_RxPacket                        0x08002b24   Section        0  si24r1.o(i.SI24R1_RxPacket)
    i.SI24R1_read_reg                        0x08002b5c   Section        0  si24r1.o(i.SI24R1_read_reg)
    i.SI24R1_write_reg                       0x08002b94   Section        0  si24r1.o(i.SI24R1_write_reg)
    i.SI24R1set_Mode                         0x08002bcc   Section        0  si24r1.o(i.SI24R1set_Mode)
    i.SPI2_WriteReadByte                     0x08002c3c   Section        0  spi.o(i.SPI2_WriteReadByte)
    i.SPI_I2S_GetFlagStatus                  0x08002c74   Section        0  stm32f10x_spi.o(i.SPI_I2S_GetFlagStatus)
    i.SPI_I2S_ReceiveData                    0x08002c86   Section        0  stm32f10x_spi.o(i.SPI_I2S_ReceiveData)
    i.SPI_I2S_SendData                       0x08002c8c   Section        0  stm32f10x_spi.o(i.SPI_I2S_SendData)
    i.STMFLASH_ReadWord                      0x08002c90   Section        0  flash.o(i.STMFLASH_ReadWord)
    i.STMFLASH_Write                         0x08002c98   Section        0  flash.o(i.STMFLASH_Write)
    i.Safety_Check                           0x08002d20   Section        0  control.o(i.Safety_Check)
    i.SetSysClock                            0x08002dc0   Section        0  system_stm32f10x.o(i.SetSysClock)
    SetSysClock                              0x08002dc1   Thumb Code     8  system_stm32f10x.o(i.SetSysClock)
    i.SetSysClockTo72                        0x08002dc8   Section        0  system_stm32f10x.o(i.SetSysClockTo72)
    SetSysClockTo72                          0x08002dc9   Thumb Code   214  system_stm32f10x.o(i.SetSysClockTo72)
    i.SortAver_FilterXYZ                     0x08002ea8   Section        0  filter.o(i.SortAver_FilterXYZ)
    i.SysTick_CLKSourceConfig                0x08002fc4   Section        0  misc.o(i.SysTick_CLKSourceConfig)
    i.SystemInit                             0x08002fec   Section        0  system_stm32f10x.o(i.SystemInit)
    i.System_Init                            0x0800304c   Section        0  system.o(i.System_Init)
    i.TIM4_IRQHandler                        0x08003090   Section        0  stm32f10x_it.o(i.TIM4_IRQHandler)
    i.TIM_ClearITPendingBit                  0x08003194   Section        0  stm32f10x_tim.o(i.TIM_ClearITPendingBit)
    i.TIM_Cmd                                0x0800319a   Section        0  stm32f10x_tim.o(i.TIM_Cmd)
    i.TIM_GetITStatus                        0x080031b2   Section        0  stm32f10x_tim.o(i.TIM_GetITStatus)
    i.TIM_ITConfig                           0x080031d4   Section        0  stm32f10x_tim.o(i.TIM_ITConfig)
    i.TIM_Init                               0x080031e8   Section        0  tim.o(i.TIM_Init)
    i.TIM_TimeBaseInit                       0x0800322c   Section        0  stm32f10x_tim.o(i.TIM_TimeBaseInit)
    i.Task_Schedule                          0x080032d0   Section        0  system.o(i.Task_Schedule)
    i.USART1_IRQHandler                      0x08003364   Section        0  stm32f10x_it.o(i.USART1_IRQHandler)
    i.USART_ClearITPendingBit                0x080033b0   Section        0  stm32f10x_usart.o(i.USART_ClearITPendingBit)
    i.USART_Cmd                              0x080033ce   Section        0  stm32f10x_usart.o(i.USART_Cmd)
    i.USART_GetFlagStatus                    0x080033e6   Section        0  stm32f10x_usart.o(i.USART_GetFlagStatus)
    i.USART_GetITStatus                      0x08003400   Section        0  stm32f10x_usart.o(i.USART_GetITStatus)
    i.USART_ITConfig                         0x08003454   Section        0  stm32f10x_usart.o(i.USART_ITConfig)
    i.USART_Init                             0x080034a0   Section        0  stm32f10x_usart.o(i.USART_Init)
    i.USART_SendData                         0x08003578   Section        0  stm32f10x_usart.o(i.USART_SendData)
    i.USART_init                             0x08003580   Section        0  usart.o(i.USART_init)
    i.Write0                                 0x08003618   Section        0  led.o(i.Write0)
    i.Write1                                 0x08003688   Section        0  led.o(i.Write1)
    i.Write24Bit                             0x080036f0   Section        0  led.o(i.Write24Bit)
    i.__0printf                              0x0800370c   Section        0  printfa.o(i.__0printf)
    i.__ARM_fpclassify                       0x0800372c   Section        0  fpclassify.o(i.__ARM_fpclassify)
    i.__kernel_poly                          0x08003754   Section        0  poly.o(i.__kernel_poly)
    i.__mathlib_dbl_infnan                   0x080037fe   Section        0  dunder.o(i.__mathlib_dbl_infnan)
    i.__mathlib_dbl_infnan2                  0x08003804   Section        0  dunder.o(i.__mathlib_dbl_infnan2)
    i.__mathlib_dbl_invalid                  0x08003808   Section        0  dunder.o(i.__mathlib_dbl_invalid)
    i.__mathlib_dbl_underflow                0x08003814   Section        0  dunder.o(i.__mathlib_dbl_underflow)
    i.__scatterload_copy                     0x08003824   Section       14  handlers.o(i.__scatterload_copy)
    i.__scatterload_null                     0x08003832   Section        2  handlers.o(i.__scatterload_null)
    i.__scatterload_zeroinit                 0x08003834   Section       14  handlers.o(i.__scatterload_zeroinit)
    i.__set_errno                            0x08003844   Section        0  errno.o(i.__set_errno)
    i._fp_digits                             0x08003850   Section        0  printfa.o(i._fp_digits)
    _fp_digits                               0x08003851   Thumb Code   334  printfa.o(i._fp_digits)
    i._printf_core                           0x080039b4   Section        0  printfa.o(i._printf_core)
    _printf_core                             0x080039b5   Thumb Code  1744  printfa.o(i._printf_core)
    i._printf_post_padding                   0x08004090   Section        0  printfa.o(i._printf_post_padding)
    _printf_post_padding                     0x08004091   Thumb Code    36  printfa.o(i._printf_post_padding)
    i._printf_pre_padding                    0x080040b4   Section        0  printfa.o(i._printf_pre_padding)
    _printf_pre_padding                      0x080040b5   Thumb Code    46  printfa.o(i._printf_pre_padding)
    i.asin                                   0x080040e4   Section        0  asin.o(i.asin)
    i.atan                                   0x08004354   Section        0  atan.o(i.atan)
    i.atan2                                  0x08004574   Section        0  atan2.o(i.atan2)
    i.fputc                                  0x080046f4   Section        0  usart.o(i.fputc)
    i.invSqrt                                0x08004718   Section        0  imu.o(i.invSqrt)
    invSqrt                                  0x08004719   Thumb Code    72  imu.o(i.invSqrt)
    i.main                                   0x08004764   Section        0  main.o(i.main)
    i.sqrt                                   0x08004770   Section        0  sqrt.o(i.sqrt)
    i.usart_send                             0x080047bc   Section        0  usart.o(i.usart_send)
    .constdata                               0x080047ec   Section       36  imu.o(.constdata)
    .constdata                               0x08004810   Section       80  asin.o(.constdata)
    pS                                       0x08004810   Data          48  asin.o(.constdata)
    qS                                       0x08004840   Data          32  asin.o(.constdata)
    .constdata                               0x08004860   Section      152  atan.o(.constdata)
    atanhi                                   0x08004860   Data          32  atan.o(.constdata)
    atanlo                                   0x08004880   Data          32  atan.o(.constdata)
    aTodd                                    0x080048a0   Data          40  atan.o(.constdata)
    aTeven                                   0x080048c8   Data          48  atan.o(.constdata)
    .constdata                               0x080048f8   Section        8  qnan.o(.constdata)
    .data                                    0x20000000   Section       18  stm32f10x_it.o(.data)
    ms2                                      0x20000006   Data           2  stm32f10x_it.o(.data)
    ms5                                      0x20000008   Data           2  stm32f10x_it.o(.data)
    ms10                                     0x2000000a   Data           2  stm32f10x_it.o(.data)
    ms100                                    0x2000000c   Data           2  stm32f10x_it.o(.data)
    ms200                                    0x2000000e   Data           2  stm32f10x_it.o(.data)
    ms400                                    0x20000010   Data           2  stm32f10x_it.o(.data)
    .data                                    0x20000014   Section      454  led.o(.data)
    Run_buf                                  0x20000014   Data         448  led.o(.data)
    flag                                     0x200001d5   Data           1  led.o(.data)
    cnt                                      0x200001d6   Data           1  led.o(.data)
    wcnt                                     0x200001d7   Data           1  led.o(.data)
    times                                    0x200001d8   Data           1  led.o(.data)
    flag                                     0x200001d9   Data           1  led.o(.data)
    .data                                    0x200001da   Section        4  delay.o(.data)
    D_us                                     0x200001da   Data           1  delay.o(.data)
    D_ms                                     0x200001dc   Data           2  delay.o(.data)
    .data                                    0x200001e0   Section       42  mpu6050.o(.data)
    tempgx                                   0x200001fc   Data           4  mpu6050.o(.data)
    tempgy                                   0x20000200   Data           4  mpu6050.o(.data)
    tempgz                                   0x20000204   Data           4  mpu6050.o(.data)
    cnt_a                                    0x20000208   Data           2  mpu6050.o(.data)
    .data                                    0x2000020a   Section       13  si24r1.o(.data)
    mode                                     0x20000215   Data           1  si24r1.o(.data)
    key                                      0x20000216   Data           1  si24r1.o(.data)
    .data                                    0x20000218   Section        4  system.o(.data)
    s32count                                 0x20000218   Data           4  system.o(.data)
    .data                                    0x2000021c   Section       14  filter.o(.data)
    cnt                                      0x2000021c   Data           1  filter.o(.data)
    flag                                     0x2000021d   Data           1  filter.o(.data)
    cnt                                      0x2000021e   Data           1  filter.o(.data)
    flag                                     0x2000021f   Data           1  filter.o(.data)
    cnt                                      0x20000220   Data           1  filter.o(.data)
    flag                                     0x20000221   Data           1  filter.o(.data)
    cnt                                      0x20000222   Data           1  filter.o(.data)
    flag                                     0x20000223   Data           1  filter.o(.data)
    cnt                                      0x20000224   Data           1  filter.o(.data)
    flag                                     0x20000225   Data           1  filter.o(.data)
    cnt                                      0x20000226   Data           1  filter.o(.data)
    flag                                     0x20000227   Data           1  filter.o(.data)
    cnt                                      0x20000228   Data           1  filter.o(.data)
    flag                                     0x20000229   Data           1  filter.o(.data)
    .data                                    0x2000022c   Section       33  imu.o(.data)
    IIR_mode                                 0x2000024c   Data           1  imu.o(.data)
    .data                                    0x20000250   Section       28  control.o(.data)
    YAW                                      0x2000026a   Data           2  control.o(.data)
    .data                                    0x2000026c   Section        9  ano_dt.o(.data)
    status_cnt                               0x2000026d   Data           1  ano_dt.o(.data)
    senser_cnt                               0x2000026e   Data           1  ano_dt.o(.data)
    rcdata_cnt                               0x2000026f   Data           1  ano_dt.o(.data)
    motopwm_cnt                              0x20000270   Data           1  ano_dt.o(.data)
    power_cnt                                0x20000271   Data           1  ano_dt.o(.data)
    _data_len                                0x20000272   Data           1  ano_dt.o(.data)
    _data_cnt                                0x20000273   Data           1  ano_dt.o(.data)
    state                                    0x20000274   Data           1  ano_dt.o(.data)
    .data                                    0x20000276   Section       12  remotedata.o(.data)
    PreButton                                0x20000280   Data           1  remotedata.o(.data)
    PreDataID                                0x20000281   Data           1  remotedata.o(.data)
    .data                                    0x20000282   Section       20  stm32f10x_rcc.o(.data)
    APBAHBPrescTable                         0x20000282   Data          16  stm32f10x_rcc.o(.data)
    ADCPrescTable                            0x20000292   Data           4  stm32f10x_rcc.o(.data)
    .data                                    0x20000298   Section       20  system_stm32f10x.o(.data)
    .data                                    0x200002ac   Section        4  stdout.o(.data)
    .data                                    0x200002b0   Section        4  errno.o(.data)
    _errno                                   0x200002b0   Data           4  errno.o(.data)
    .bss                                     0x200002b4   Section       14  mpu6050.o(.bss)
    MPU6050_buff                             0x200002b4   Data          14  mpu6050.o(.bss)
    .bss                                     0x200002c2   Section       64  si24r1.o(.bss)
    .bss                                     0x20000304   Section     1280  filter.o(.bss)
    buf                                      0x20000304   Data          80  filter.o(.bss)
    buf                                      0x20000354   Data          80  filter.o(.bss)
    bufx                                     0x200003a4   Data          80  filter.o(.bss)
    bufy                                     0x200003f4   Data          80  filter.o(.bss)
    bufz                                     0x20000444   Data          80  filter.o(.bss)
    bufax                                    0x20000494   Data          80  filter.o(.bss)
    bufay                                    0x200004e4   Data          80  filter.o(.bss)
    bufaz                                    0x20000534   Data          80  filter.o(.bss)
    bufgx                                    0x20000584   Data          80  filter.o(.bss)
    bufgy                                    0x200005d4   Data          80  filter.o(.bss)
    bufgz                                    0x20000624   Data          80  filter.o(.bss)
    bufax                                    0x20000674   Data          80  filter.o(.bss)
    bufay                                    0x200006c4   Data          80  filter.o(.bss)
    bufaz                                    0x20000714   Data          80  filter.o(.bss)
    buf                                      0x20000764   Data          80  filter.o(.bss)
    buf                                      0x200007b4   Data          80  filter.o(.bss)
    .bss                                     0x20000804   Section      120  imu.o(.bss)
    .bss                                     0x2000087c   Section       62  paramsave.o(.bss)
    .bss                                     0x200008bc   Section      480  control.o(.bss)
    .bss                                     0x20000a9c   Section      110  ano_dt.o(.bss)
    RxBuffer                                 0x20000ad8   Data          50  ano_dt.o(.bss)
    STACK                                    0x20000b10   Section     1024  startup_stm32f10x_md.o(STACK)

    Global Symbols

    Symbol Name                              Value     Ov Type        Size  Object(Section)

    BuildAttributes$$THM_ISAv4$P$D$K$B$S$PE$A:L22UL41UL21$X:L11$S22US41US21$IEEE1$IW$USESV6$~STKCKD$USESV7$~SHL$OTIME$ROPI$IEEEX$EBA8$MICROLIB$REQ8$PRES8$EABIv2 0x00000000   Number         0  anon$$obj.o ABSOLUTE
    __ARM_use_no_argv                        0x00000000   Number         0  main.o ABSOLUTE
    _printf_a                                0x00000000   Number         0  stubs.o ABSOLUTE
    _printf_c                                0x00000000   Number         0  stubs.o ABSOLUTE
    _printf_charcount                        0x00000000   Number         0  stubs.o ABSOLUTE
    _printf_d                                0x00000000   Number         0  stubs.o ABSOLUTE
    _printf_e                                0x00000000   Number         0  stubs.o ABSOLUTE
    _printf_f                                0x00000000   Number         0  stubs.o ABSOLUTE
    _printf_flags                            0x00000000   Number         0  stubs.o ABSOLUTE
    _printf_fp_dec                           0x00000000   Number         0  stubs.o ABSOLUTE
    _printf_fp_hex                           0x00000000   Number         0  stubs.o ABSOLUTE
    _printf_g                                0x00000000   Number         0  stubs.o ABSOLUTE
    _printf_i                                0x00000000   Number         0  stubs.o ABSOLUTE
    _printf_int_dec                          0x00000000   Number         0  stubs.o ABSOLUTE
    _printf_l                                0x00000000   Number         0  stubs.o ABSOLUTE
    _printf_lc                               0x00000000   Number         0  stubs.o ABSOLUTE
    _printf_ll                               0x00000000   Number         0  stubs.o ABSOLUTE
    _printf_lld                              0x00000000   Number         0  stubs.o ABSOLUTE
    _printf_lli                              0x00000000   Number         0  stubs.o ABSOLUTE
    _printf_llo                              0x00000000   Number         0  stubs.o ABSOLUTE
    _printf_llu                              0x00000000   Number         0  stubs.o ABSOLUTE
    _printf_llx                              0x00000000   Number         0  stubs.o ABSOLUTE
    _printf_longlong_dec                     0x00000000   Number         0  stubs.o ABSOLUTE
    _printf_longlong_hex                     0x00000000   Number         0  stubs.o ABSOLUTE
    _printf_longlong_oct                     0x00000000   Number         0  stubs.o ABSOLUTE
    _printf_ls                               0x00000000   Number         0  stubs.o ABSOLUTE
    _printf_mbtowc                           0x00000000   Number         0  stubs.o ABSOLUTE
    _printf_n                                0x00000000   Number         0  stubs.o ABSOLUTE
    _printf_o                                0x00000000   Number         0  stubs.o ABSOLUTE
    _printf_p                                0x00000000   Number         0  stubs.o ABSOLUTE
    _printf_percent                          0x00000000   Number         0  stubs.o ABSOLUTE
    _printf_pre_padding                      0x00000000   Number         0  stubs.o ABSOLUTE
    _printf_return_value                     0x00000000   Number         0  stubs.o ABSOLUTE
    _printf_s                                0x00000000   Number         0  stubs.o ABSOLUTE
    _printf_sizespec                         0x00000000   Number         0  stubs.o ABSOLUTE
    _printf_str                              0x00000000   Number         0  stubs.o ABSOLUTE
    _printf_truncate_signed                  0x00000000   Number         0  stubs.o ABSOLUTE
    _printf_truncate_unsigned                0x00000000   Number         0  stubs.o ABSOLUTE
    _printf_u                                0x00000000   Number         0  stubs.o ABSOLUTE
    _printf_wc                               0x00000000   Number         0  stubs.o ABSOLUTE
    _printf_wctomb                           0x00000000   Number         0  stubs.o ABSOLUTE
    _printf_widthprec                        0x00000000   Number         0  stubs.o ABSOLUTE
    _printf_x                                0x00000000   Number         0  stubs.o ABSOLUTE
    __cpp_initialize__aeabi_                  - Undefined Weak Reference
    __cxa_finalize                            - Undefined Weak Reference
    _clock_init                               - Undefined Weak Reference
    _microlib_exit                            - Undefined Weak Reference
    __Vectors_Size                           0x000000ec   Number         0  startup_stm32f10x_md.o ABSOLUTE
    __Vectors                                0x08000000   Data           4  startup_stm32f10x_md.o(RESET)
    __Vectors_End                            0x080000ec   Data           0  startup_stm32f10x_md.o(RESET)
    __main                                   0x080000ed   Thumb Code     0  entry.o(.ARM.Collect$$$$00000000)
    _main_stk                                0x080000ed   Thumb Code     0  entry2.o(.ARM.Collect$$$$00000001)
    _main_scatterload                        0x080000f1   Thumb Code     0  entry5.o(.ARM.Collect$$$$00000004)
    __main_after_scatterload                 0x080000f5   Thumb Code     0  entry5.o(.ARM.Collect$$$$00000004)
    _main_clock                              0x080000f5   Thumb Code     0  entry7b.o(.ARM.Collect$$$$00000008)
    _main_cpp_init                           0x080000f5   Thumb Code     0  entry8b.o(.ARM.Collect$$$$0000000A)
    _main_init                               0x080000f5   Thumb Code     0  entry9a.o(.ARM.Collect$$$$0000000B)
    __rt_final_cpp                           0x080000fd   Thumb Code     0  entry10a.o(.ARM.Collect$$$$0000000D)
    __rt_final_exit                          0x080000fd   Thumb Code     0  entry11a.o(.ARM.Collect$$$$0000000F)
    Reset_Handler                            0x08000101   Thumb Code     8  startup_stm32f10x_md.o(.text)
    NMI_Handler                              0x08000109   Thumb Code     2  startup_stm32f10x_md.o(.text)
    HardFault_Handler                        0x0800010b   Thumb Code     2  startup_stm32f10x_md.o(.text)
    MemManage_Handler                        0x0800010d   Thumb Code     2  startup_stm32f10x_md.o(.text)
    BusFault_Handler                         0x0800010f   Thumb Code     2  startup_stm32f10x_md.o(.text)
    UsageFault_Handler                       0x08000111   Thumb Code     2  startup_stm32f10x_md.o(.text)
    SVC_Handler                              0x08000113   Thumb Code     2  startup_stm32f10x_md.o(.text)
    DebugMon_Handler                         0x08000115   Thumb Code     2  startup_stm32f10x_md.o(.text)
    PendSV_Handler                           0x08000117   Thumb Code     2  startup_stm32f10x_md.o(.text)
    SysTick_Handler                          0x08000119   Thumb Code     2  startup_stm32f10x_md.o(.text)
    ADC1_2_IRQHandler                        0x0800011b   Thumb Code     0  startup_stm32f10x_md.o(.text)
    CAN1_RX1_IRQHandler                      0x0800011b   Thumb Code     0  startup_stm32f10x_md.o(.text)
    CAN1_SCE_IRQHandler                      0x0800011b   Thumb Code     0  startup_stm32f10x_md.o(.text)
    DMA1_Channel1_IRQHandler                 0x0800011b   Thumb Code     0  startup_stm32f10x_md.o(.text)
    DMA1_Channel2_IRQHandler                 0x0800011b   Thumb Code     0  startup_stm32f10x_md.o(.text)
    DMA1_Channel3_IRQHandler                 0x0800011b   Thumb Code     0  startup_stm32f10x_md.o(.text)
    DMA1_Channel4_IRQHandler                 0x0800011b   Thumb Code     0  startup_stm32f10x_md.o(.text)
    DMA1_Channel5_IRQHandler                 0x0800011b   Thumb Code     0  startup_stm32f10x_md.o(.text)
    DMA1_Channel6_IRQHandler                 0x0800011b   Thumb Code     0  startup_stm32f10x_md.o(.text)
    DMA1_Channel7_IRQHandler                 0x0800011b   Thumb Code     0  startup_stm32f10x_md.o(.text)
    EXTI0_IRQHandler                         0x0800011b   Thumb Code     0  startup_stm32f10x_md.o(.text)
    EXTI15_10_IRQHandler                     0x0800011b   Thumb Code     0  startup_stm32f10x_md.o(.text)
    EXTI1_IRQHandler                         0x0800011b   Thumb Code     0  startup_stm32f10x_md.o(.text)
    EXTI3_IRQHandler                         0x0800011b   Thumb Code     0  startup_stm32f10x_md.o(.text)
    EXTI4_IRQHandler                         0x0800011b   Thumb Code     0  startup_stm32f10x_md.o(.text)
    EXTI9_5_IRQHandler                       0x0800011b   Thumb Code     0  startup_stm32f10x_md.o(.text)
    FLASH_IRQHandler                         0x0800011b   Thumb Code     0  startup_stm32f10x_md.o(.text)
    I2C1_ER_IRQHandler                       0x0800011b   Thumb Code     0  startup_stm32f10x_md.o(.text)
    I2C1_EV_IRQHandler                       0x0800011b   Thumb Code     0  startup_stm32f10x_md.o(.text)
    I2C2_ER_IRQHandler                       0x0800011b   Thumb Code     0  startup_stm32f10x_md.o(.text)
    I2C2_EV_IRQHandler                       0x0800011b   Thumb Code     0  startup_stm32f10x_md.o(.text)
    PVD_IRQHandler                           0x0800011b   Thumb Code     0  startup_stm32f10x_md.o(.text)
    RCC_IRQHandler                           0x0800011b   Thumb Code     0  startup_stm32f10x_md.o(.text)
    RTCAlarm_IRQHandler                      0x0800011b   Thumb Code     0  startup_stm32f10x_md.o(.text)
    RTC_IRQHandler                           0x0800011b   Thumb Code     0  startup_stm32f10x_md.o(.text)
    SPI1_IRQHandler                          0x0800011b   Thumb Code     0  startup_stm32f10x_md.o(.text)
    SPI2_IRQHandler                          0x0800011b   Thumb Code     0  startup_stm32f10x_md.o(.text)
    TAMPER_IRQHandler                        0x0800011b   Thumb Code     0  startup_stm32f10x_md.o(.text)
    TIM1_BRK_IRQHandler                      0x0800011b   Thumb Code     0  startup_stm32f10x_md.o(.text)
    TIM1_CC_IRQHandler                       0x0800011b   Thumb Code     0  startup_stm32f10x_md.o(.text)
    TIM1_TRG_COM_IRQHandler                  0x0800011b   Thumb Code     0  startup_stm32f10x_md.o(.text)
    TIM1_UP_IRQHandler                       0x0800011b   Thumb Code     0  startup_stm32f10x_md.o(.text)
    TIM2_IRQHandler                          0x0800011b   Thumb Code     0  startup_stm32f10x_md.o(.text)
    TIM3_IRQHandler                          0x0800011b   Thumb Code     0  startup_stm32f10x_md.o(.text)
    USART2_IRQHandler                        0x0800011b   Thumb Code     0  startup_stm32f10x_md.o(.text)
    USART3_IRQHandler                        0x0800011b   Thumb Code     0  startup_stm32f10x_md.o(.text)
    USBWakeUp_IRQHandler                     0x0800011b   Thumb Code     0  startup_stm32f10x_md.o(.text)
    USB_HP_CAN1_TX_IRQHandler                0x0800011b   Thumb Code     0  startup_stm32f10x_md.o(.text)
    USB_LP_CAN1_RX0_IRQHandler               0x0800011b   Thumb Code     0  startup_stm32f10x_md.o(.text)
    WWDG_IRQHandler                          0x0800011b   Thumb Code     0  startup_stm32f10x_md.o(.text)
    __aeabi_memcpy                           0x08000125   Thumb Code    36  memcpya.o(.text)
    __aeabi_memcpy4                          0x08000125   Thumb Code     0  memcpya.o(.text)
    __aeabi_memcpy8                          0x08000125   Thumb Code     0  memcpya.o(.text)
    __aeabi_fadd                             0x08000149   Thumb Code   164  fadd.o(.text)
    __aeabi_fsub                             0x080001ed   Thumb Code     6  fadd.o(.text)
    __aeabi_frsub                            0x080001f3   Thumb Code     6  fadd.o(.text)
    __aeabi_fmul                             0x080001f9   Thumb Code   100  fmul.o(.text)
    __aeabi_fdiv                             0x0800025d   Thumb Code   124  fdiv.o(.text)
    __aeabi_dmul                             0x080002d9   Thumb Code   228  dmul.o(.text)
    __aeabi_i2f                              0x080003bd   Thumb Code    18  fflti.o(.text)
    __aeabi_i2d                              0x080003cf   Thumb Code    34  dflti.o(.text)
    __aeabi_f2iz                             0x080003f1   Thumb Code    50  ffixi.o(.text)
    __aeabi_f2uiz                            0x08000423   Thumb Code    40  ffixui.o(.text)
    __aeabi_f2d                              0x0800044b   Thumb Code    38  f2d.o(.text)
    __aeabi_cdrcmple                         0x08000471   Thumb Code    48  cdrcmple.o(.text)
    __aeabi_d2f                              0x080004a1   Thumb Code    56  d2f.o(.text)
    __aeabi_cfcmpeq                          0x080004d9   Thumb Code     0  cfcmple.o(.text)
    __aeabi_cfcmple                          0x080004d9   Thumb Code    20  cfcmple.o(.text)
    __aeabi_cfrcmple                         0x080004ed   Thumb Code    20  cfrcmple.o(.text)
    __aeabi_uidiv                            0x08000501   Thumb Code     0  uidiv.o(.text)
    __aeabi_uidivmod                         0x08000501   Thumb Code    44  uidiv.o(.text)
    __aeabi_uldivmod                         0x0800052d   Thumb Code    98  uldiv.o(.text)
    __aeabi_llsl                             0x0800058f   Thumb Code    30  llshl.o(.text)
    _ll_shift_l                              0x0800058f   Thumb Code     0  llshl.o(.text)
    __I$use$fp                               0x080005ad   Thumb Code     0  iusefp.o(.text)
    _float_round                             0x080005ad   Thumb Code    18  fepilogue.o(.text)
    _float_epilogue                          0x080005bf   Thumb Code    92  fepilogue.o(.text)
    _double_round                            0x0800061b   Thumb Code    30  depilogue.o(.text)
    _double_epilogue                         0x08000639   Thumb Code   156  depilogue.o(.text)
    __aeabi_dadd                             0x080006d5   Thumb Code   322  dadd.o(.text)
    __aeabi_dsub                             0x08000817   Thumb Code     6  dadd.o(.text)
    __aeabi_drsub                            0x0800081d   Thumb Code     6  dadd.o(.text)
    __aeabi_ddiv                             0x08000823   Thumb Code   222  ddiv.o(.text)
    __ARM_scalbn                             0x08000901   Thumb Code    46  dscalb.o(.text)
    scalbn                                   0x08000901   Thumb Code     0  dscalb.o(.text)
    __aeabi_d2ulz                            0x0800092f   Thumb Code    48  dfixul.o(.text)
    __scatterload                            0x08000961   Thumb Code    28  init.o(.text)
    __scatterload_rt2                        0x08000961   Thumb Code     0  init.o(.text)
    __aeabi_llsr                             0x08000985   Thumb Code    32  llushr.o(.text)
    _ll_ushift_r                             0x08000985   Thumb Code     0  llushr.o(.text)
    __aeabi_lasr                             0x080009a5   Thumb Code    36  llsshr.o(.text)
    _ll_sshift_r                             0x080009a5   Thumb Code     0  llsshr.o(.text)
    _dsqrt                                   0x080009c9   Thumb Code   162  dsqrt.o(.text)
    __decompress                             0x08000a6b   Thumb Code     0  __dczerorl2.o(.text)
    __decompress1                            0x08000a6b   Thumb Code    86  __dczerorl2.o(.text)
    ACC_Offset_LED                           0x08000ac1   Thumb Code    62  led.o(i.ACC_Offset_LED)
    ANO_DT_Data_Receive_Anl                  0x08000b01   Thumb Code  1280  ano_dt.o(i.ANO_DT_Data_Receive_Anl)
    ANO_DT_Data_Receive_Prepare              0x0800100d   Thumb Code   224  ano_dt.o(i.ANO_DT_Data_Receive_Prepare)
    ANO_DT_Send_Data                         0x08001149   Thumb Code    16  ano_dt.o(i.ANO_DT_Send_Data)
    Button_command                           0x08001159   Thumb Code   120  remotedata.o(i.Button_command)
    Delay_Init                               0x080011dd   Thumb Code    50  delay.o(i.Delay_Init)
    Delay_ms                                 0x08001221   Thumb Code    66  delay.o(i.Delay_ms)
    Delay_us                                 0x08001269   Thumb Code    66  delay.o(i.Delay_us)
    EXTI2_IRQHandler                         0x080012b1   Thumb Code   120  stm32f10x_it.o(i.EXTI2_IRQHandler)
    EXTI_ClearITPendingBit                   0x08001331   Thumb Code     6  stm32f10x_exti.o(i.EXTI_ClearITPendingBit)
    EXTI_GetITStatus                         0x0800133d   Thumb Code    34  stm32f10x_exti.o(i.EXTI_GetITStatus)
    FLASH_ErasePage                          0x08001365   Thumb Code    72  stm32f10x_flash.o(i.FLASH_ErasePage)
    FLASH_GetBank1Status                     0x080013b1   Thumb Code    48  stm32f10x_flash.o(i.FLASH_GetBank1Status)
    FLASH_Lock                               0x080013e5   Thumb Code    14  stm32f10x_flash.o(i.FLASH_Lock)
    FLASH_ProgramWord                        0x080013f9   Thumb Code   102  stm32f10x_flash.o(i.FLASH_ProgramWord)
    FLASH_Unlock                             0x08001465   Thumb Code    12  stm32f10x_flash.o(i.FLASH_Unlock)
    FLASH_WaitForLastOperation               0x0800147d   Thumb Code    38  stm32f10x_flash.o(i.FLASH_WaitForLastOperation)
    FindPos                                  0x080014a3   Thumb Code    90  filter.o(i.FindPos)
    GPIO_Init                                0x080014fd   Thumb Code   278  stm32f10x_gpio.o(i.GPIO_Init)
    GPIO_ResetBits                           0x08001613   Thumb Code     4  stm32f10x_gpio.o(i.GPIO_ResetBits)
    GPIO_SetBits                             0x08001617   Thumb Code     4  stm32f10x_gpio.o(i.GPIO_SetBits)
    GYRO_Offset_LED                          0x0800161b   Thumb Code    62  led.o(i.GYRO_Offset_LED)
    IIC_Ack                                  0x08001659   Thumb Code    54  iic.o(i.IIC_Ack)
    IIC_GPIO_Init                            0x08001695   Thumb Code    50  iic.o(i.IIC_GPIO_Init)
    IIC_NAck                                 0x080016cd   Thumb Code    56  iic.o(i.IIC_NAck)
    IIC_ReadByte                             0x08001709   Thumb Code    88  iic.o(i.IIC_ReadByte)
    IIC_ReadByteFromSlave                    0x08001765   Thumb Code    74  iic.o(i.IIC_ReadByteFromSlave)
    IIC_ReadMultByteFromSlave                0x080017af   Thumb Code   114  iic.o(i.IIC_ReadMultByteFromSlave)
    IIC_SendByte                             0x08001821   Thumb Code    96  iic.o(i.IIC_SendByte)
    IIC_Start                                0x08001885   Thumb Code    52  iic.o(i.IIC_Start)
    IIC_Stop                                 0x080018bd   Thumb Code    46  iic.o(i.IIC_Stop)
    IIC_WaitAck                              0x080018f1   Thumb Code    82  iic.o(i.IIC_WaitAck)
    IIC_WriteByteToSlave                     0x08001949   Thumb Code    70  iic.o(i.IIC_WriteByteToSlave)
    IMUupdate                                0x08001991   Thumb Code  1540  imu.o(i.IMUupdate)
    LED_Init                                 0x08001fad   Thumb Code    60  led.o(i.LED_Init)
    LED_Run                                  0x08001fed   Thumb Code    42  led.o(i.LED_Run)
    MPU6050_Check                            0x08002021   Thumb Code    24  mpu6050.o(i.MPU6050_Check)
    MPU6050_Init                             0x08002055   Thumb Code    78  mpu6050.o(i.MPU6050_Init)
    MPU6050_OffSet                           0x080020a5   Thumb Code   176  mpu6050.o(i.MPU6050_OffSet)
    MPU6050_Offset                           0x08002165   Thumb Code   274  mpu6050.o(i.MPU6050_Offset)
    MPU6050_Read                             0x08002291   Thumb Code    14  mpu6050.o(i.MPU6050_Read)
    MPU6050_ReadByte                         0x080022a5   Thumb Code    26  mpu6050.o(i.MPU6050_ReadByte)
    MPU6050_ReadMultBytes                    0x080022bf   Thumb Code    30  mpu6050.o(i.MPU6050_ReadMultBytes)
    MPU6050_WriteByte                        0x080022dd   Thumb Code    26  mpu6050.o(i.MPU6050_WriteByte)
    MPU6050_getDeviceID                      0x080022f7   Thumb Code    16  mpu6050.o(i.MPU6050_getDeviceID)
    MPU6050_testConnection                   0x08002307   Thumb Code    18  mpu6050.o(i.MPU6050_testConnection)
    NVIC_Init                                0x08002319   Thumb Code   100  misc.o(i.NVIC_Init)
    NVIC_PriorityGroupConfig                 0x08002389   Thumb Code    10  misc.o(i.NVIC_PriorityGroupConfig)
    NvicConfig                               0x0800239d   Thumb Code    94  nvic.o(i.NvicConfig)
    PID_WriteFlash                           0x080023fd   Thumb Code    50  paramsave.o(i.PID_WriteFlash)
    ParamsToTable                            0x08002439   Thumb Code   528  paramsave.o(i.ParamsToTable)
    Prepare_Data                             0x0800267d   Thumb Code   340  imu.o(i.Prepare_Data)
    QuiteSort                                0x08002805   Thumb Code    56  filter.o(i.QuiteSort)
    RCC_APB1PeriphClockCmd                   0x0800283d   Thumb Code    26  stm32f10x_rcc.o(i.RCC_APB1PeriphClockCmd)
    RCC_APB2PeriphClockCmd                   0x0800285d   Thumb Code    26  stm32f10x_rcc.o(i.RCC_APB2PeriphClockCmd)
    RCC_GetClocksFreq                        0x0800287d   Thumb Code   192  stm32f10x_rcc.o(i.RCC_GetClocksFreq)
    RGB_LED_Blue                             0x08002951   Thumb Code    26  led.o(i.RGB_LED_Blue)
    RGB_LED_FLY                              0x0800296b   Thumb Code    42  led.o(i.RGB_LED_FLY)
    RGB_LED_Off                              0x08002995   Thumb Code    26  led.o(i.RGB_LED_Off)
    RGB_LED_green                            0x080029af   Thumb Code    26  led.o(i.RGB_LED_green)
    RGB_WByte                                0x080029c9   Thumb Code    40  led.o(i.RGB_WByte)
    Remote_Data_ReceiveAnalysis              0x080029f1   Thumb Code   132  remotedata.o(i.Remote_Data_ReceiveAnalysis)
    SDA_IN                                   0x08002a85   Thumb Code    34  iic.o(i.SDA_IN)
    SDA_OUT                                  0x08002aad   Thumb Code    40  iic.o(i.SDA_OUT)
    SI24R1_Read_Buf                          0x08002ad9   Thumb Code    72  si24r1.o(i.SI24R1_Read_Buf)
    SI24R1_RxPacket                          0x08002b25   Thumb Code    52  si24r1.o(i.SI24R1_RxPacket)
    SI24R1_read_reg                          0x08002b5d   Thumb Code    50  si24r1.o(i.SI24R1_read_reg)
    SI24R1_write_reg                         0x08002b95   Thumb Code    52  si24r1.o(i.SI24R1_write_reg)
    SI24R1set_Mode                           0x08002bcd   Thumb Code   106  si24r1.o(i.SI24R1set_Mode)
    SPI2_WriteReadByte                       0x08002c3d   Thumb Code    50  spi.o(i.SPI2_WriteReadByte)
    SPI_I2S_GetFlagStatus                    0x08002c75   Thumb Code    18  stm32f10x_spi.o(i.SPI_I2S_GetFlagStatus)
    SPI_I2S_ReceiveData                      0x08002c87   Thumb Code     6  stm32f10x_spi.o(i.SPI_I2S_ReceiveData)
    SPI_I2S_SendData                         0x08002c8d   Thumb Code     4  stm32f10x_spi.o(i.SPI_I2S_SendData)
    STMFLASH_ReadWord                        0x08002c91   Thumb Code     6  flash.o(i.STMFLASH_ReadWord)
    STMFLASH_Write                           0x08002c99   Thumb Code   126  flash.o(i.STMFLASH_Write)
    Safety_Check                             0x08002d21   Thumb Code   122  control.o(i.Safety_Check)
    SortAver_FilterXYZ                       0x08002ea9   Thumb Code   264  filter.o(i.SortAver_FilterXYZ)
    SysTick_CLKSourceConfig                  0x08002fc5   Thumb Code    40  misc.o(i.SysTick_CLKSourceConfig)
    SystemInit                               0x08002fed   Thumb Code    78  system_stm32f10x.o(i.SystemInit)
    System_Init                              0x0800304d   Thumb Code    46  system.o(i.System_Init)
    TIM4_IRQHandler                          0x08003091   Thumb Code   206  stm32f10x_it.o(i.TIM4_IRQHandler)
    TIM_ClearITPendingBit                    0x08003195   Thumb Code     6  stm32f10x_tim.o(i.TIM_ClearITPendingBit)
    TIM_Cmd                                  0x0800319b   Thumb Code    24  stm32f10x_tim.o(i.TIM_Cmd)
    TIM_GetITStatus                          0x080031b3   Thumb Code    34  stm32f10x_tim.o(i.TIM_GetITStatus)
    TIM_ITConfig                             0x080031d5   Thumb Code    18  stm32f10x_tim.o(i.TIM_ITConfig)
    TIM_Init                                 0x080031e9   Thumb Code    62  tim.o(i.TIM_Init)
    TIM_TimeBaseInit                         0x0800322d   Thumb Code   122  stm32f10x_tim.o(i.TIM_TimeBaseInit)
    Task_Schedule                            0x080032d1   Thumb Code   106  system.o(i.Task_Schedule)
    USART1_IRQHandler                        0x08003365   Thumb Code    70  stm32f10x_it.o(i.USART1_IRQHandler)
    USART_ClearITPendingBit                  0x080033b1   Thumb Code    30  stm32f10x_usart.o(i.USART_ClearITPendingBit)
    USART_Cmd                                0x080033cf   Thumb Code    24  stm32f10x_usart.o(i.USART_Cmd)
    USART_GetFlagStatus                      0x080033e7   Thumb Code    26  stm32f10x_usart.o(i.USART_GetFlagStatus)
    USART_GetITStatus                        0x08003401   Thumb Code    84  stm32f10x_usart.o(i.USART_GetITStatus)
    USART_ITConfig                           0x08003455   Thumb Code    74  stm32f10x_usart.o(i.USART_ITConfig)
    USART_Init                               0x080034a1   Thumb Code   210  stm32f10x_usart.o(i.USART_Init)
    USART_SendData                           0x08003579   Thumb Code     8  stm32f10x_usart.o(i.USART_SendData)
    USART_init                               0x08003581   Thumb Code   142  usart.o(i.USART_init)
    Write0                                   0x08003619   Thumb Code   106  led.o(i.Write0)
    Write1                                   0x08003689   Thumb Code    98  led.o(i.Write1)
    Write24Bit                               0x080036f1   Thumb Code    28  led.o(i.Write24Bit)
    __0printf                                0x0800370d   Thumb Code    22  printfa.o(i.__0printf)
    __1printf                                0x0800370d   Thumb Code     0  printfa.o(i.__0printf)
    __2printf                                0x0800370d   Thumb Code     0  printfa.o(i.__0printf)
    __c89printf                              0x0800370d   Thumb Code     0  printfa.o(i.__0printf)
    printf                                   0x0800370d   Thumb Code     0  printfa.o(i.__0printf)
    __ARM_fpclassify                         0x0800372d   Thumb Code    40  fpclassify.o(i.__ARM_fpclassify)
    __kernel_poly                            0x08003755   Thumb Code   170  poly.o(i.__kernel_poly)
    __mathlib_dbl_infnan                     0x080037ff   Thumb Code     6  dunder.o(i.__mathlib_dbl_infnan)
    __mathlib_dbl_infnan2                    0x08003805   Thumb Code     4  dunder.o(i.__mathlib_dbl_infnan2)
    __mathlib_dbl_invalid                    0x08003809   Thumb Code    12  dunder.o(i.__mathlib_dbl_invalid)
    __mathlib_dbl_underflow                  0x08003815   Thumb Code    10  dunder.o(i.__mathlib_dbl_underflow)
    __scatterload_copy                       0x08003825   Thumb Code    14  handlers.o(i.__scatterload_copy)
    __scatterload_null                       0x08003833   Thumb Code     2  handlers.o(i.__scatterload_null)
    __scatterload_zeroinit                   0x08003835   Thumb Code    14  handlers.o(i.__scatterload_zeroinit)
    __set_errno                              0x08003845   Thumb Code     6  errno.o(i.__set_errno)
    asin                                     0x080040e5   Thumb Code   572  asin.o(i.asin)
    atan                                     0x08004355   Thumb Code   474  atan.o(i.atan)
    atan2                                    0x08004575   Thumb Code   346  atan2.o(i.atan2)
    fputc                                    0x080046f5   Thumb Code    32  usart.o(i.fputc)
    main                                     0x08004765   Thumb Code    12  main.o(i.main)
    sqrt                                     0x08004771   Thumb Code    76  sqrt.o(i.sqrt)
    usart_send                               0x080047bd   Thumb Code    42  usart.o(i.usart_send)
    __mathlib_zero                           0x080048f8   Data           8  qnan.o(.constdata)
    Region$$Table$$Base                      0x08004900   Number         0  anon$$obj.o(Region$$Table)
    Region$$Table$$Limit                     0x08004920   Number         0  anon$$obj.o(Region$$Table)
    LED_Scan                                 0x20000000   Data           1  stm32f10x_it.o(.data)
    IMU_Scan                                 0x20000001   Data           1  stm32f10x_it.o(.data)
    MPU_Scan                                 0x20000002   Data           1  stm32f10x_it.o(.data)
    IRQ_Scan                                 0x20000003   Data           1  stm32f10x_it.o(.data)
    Batt_Scan                                0x20000004   Data           1  stm32f10x_it.o(.data)
    ANO_Scan                                 0x20000005   Data           1  stm32f10x_it.o(.data)
    Run_flag                                 0x200001d4   Data           1  led.o(.data)
    GYRO_OFFSET_RAW                          0x200001e0   Data           6  mpu6050.o(.data)
    ACC_OFFSET_RAW                           0x200001e6   Data           6  mpu6050.o(.data)
    MPU6050_ACC_RAW                          0x200001ec   Data           6  mpu6050.o(.data)
    MPU6050_GYRO_RAW                         0x200001f2   Data           6  mpu6050.o(.data)
    SENSER_OFFSET_FLAG                       0x200001f8   Data           1  mpu6050.o(.data)
    SI24R1addr                               0x2000020a   Data           1  si24r1.o(.data)
    TX_ADDRESS                               0x2000020b   Data           5  si24r1.o(.data)
    RX_ADDRESS                               0x20000210   Data           5  si24r1.o(.data)
    AccbUpdate                               0x2000022c   Data           1  imu.o(.data)
    q0                                       0x20000230   Data           4  imu.o(.data)
    q1                                       0x20000234   Data           4  imu.o(.data)
    q2                                       0x20000238   Data           4  imu.o(.data)
    q3                                       0x2000023c   Data           4  imu.o(.data)
    exInt                                    0x20000240   Data           4  imu.o(.data)
    eyInt                                    0x20000244   Data           4  imu.o(.data)
    ezInt                                    0x20000248   Data           4  imu.o(.data)
    Pre_THROTTLE                             0x20000250   Data           4  control.o(.data)
    THROTTLE                                 0x20000254   Data           4  control.o(.data)
    Moto_PWM_1                               0x20000258   Data           4  control.o(.data)
    Moto_PWM_2                               0x2000025c   Data           4  control.o(.data)
    Moto_PWM_3                               0x20000260   Data           4  control.o(.data)
    Moto_PWM_4                               0x20000264   Data           4  control.o(.data)
    SI24R1_Controlflag                       0x20000268   Data           1  control.o(.data)
    Airplane_Enable                          0x20000269   Data           1  control.o(.data)
    flag                                     0x2000026c   Data           1  ano_dt.o(.data)
    DataID                                   0x20000276   Data           1  remotedata.o(.data)
    RC_Control                               0x20000278   Data           8  remotedata.o(.data)
    SystemCoreClock                          0x20000298   Data           4  system_stm32f10x.o(.data)
    AHBPrescTable                            0x2000029c   Data          16  system_stm32f10x.o(.data)
    __stdout                                 0x200002ac   Data           4  stdout.o(.data)
    SI24R1_TX_DATA                           0x200002c2   Data          32  si24r1.o(.bss)
    SI24R1_RX_DATA                           0x200002e2   Data          32  si24r1.o(.bss)
    Att_Angle                                0x20000804   Data          12  imu.o(.bss)
    Gyr_rad                                  0x20000810   Data          12  imu.o(.bss)
    Gyr_radold                               0x2000081c   Data          12  imu.o(.bss)
    Acc_filt                                 0x20000828   Data          12  imu.o(.bss)
    Gry_filt                                 0x20000834   Data          12  imu.o(.bss)
    Acc_filtold                              0x20000840   Data          12  imu.o(.bss)
    accb                                     0x2000084c   Data          12  imu.o(.bss)
    DCMgb                                    0x20000858   Data          36  imu.o(.bss)
    PIDflash                                 0x2000087c   Data          62  paramsave.o(.bss)
    PID_ROL_Angle                            0x200008bc   Data          60  control.o(.bss)
    PID_PIT_Angle                            0x200008f8   Data          60  control.o(.bss)
    PID_YAW_Angle                            0x20000934   Data          60  control.o(.bss)
    PID_ROL_Rate                             0x20000970   Data          60  control.o(.bss)
    PID_PIT_Rate                             0x200009ac   Data          60  control.o(.bss)
    PID_YAW_Rate                             0x200009e8   Data          60  control.o(.bss)
    PID_ALT_Rate                             0x20000a24   Data          60  control.o(.bss)
    PID_ALT                                  0x20000a60   Data          60  control.o(.bss)
    f                                        0x20000a9c   Data          10  ano_dt.o(.bss)
    data_to_send                             0x20000aa6   Data          50  ano_dt.o(.bss)
    __initial_sp                             0x20000f10   Data           0  startup_stm32f10x_md.o(STACK)



==============================================================================

Memory Map of the image

  Image Entry point : 0x080000ed

  Load Region LR_IROM1 (Base: 0x08000000, Size: 0x00004bd4, Max: 0x00010000, ABSOLUTE, COMPRESSED[0x00004978])

    Execution Region ER_IROM1 (Base: 0x08000000, Size: 0x00004920, Max: 0x00010000, ABSOLUTE)

    Base Addr    Size         Type   Attr      Idx    E Section Name        Object

    0x08000000   0x000000ec   Data   RO         3438    RESET               startup_stm32f10x_md.o
    0x080000ec   0x00000000   Code   RO         3533  * .ARM.Collect$$$$00000000  mc_w.l(entry.o)
    0x080000ec   0x00000004   Code   RO         3894    .ARM.Collect$$$$00000001  mc_w.l(entry2.o)
    0x080000f0   0x00000004   Code   RO         3897    .ARM.Collect$$$$00000004  mc_w.l(entry5.o)
    0x080000f4   0x00000000   Code   RO         3899    .ARM.Collect$$$$00000008  mc_w.l(entry7b.o)
    0x080000f4   0x00000000   Code   RO         3901    .ARM.Collect$$$$0000000A  mc_w.l(entry8b.o)
    0x080000f4   0x00000008   Code   RO         3902    .ARM.Collect$$$$0000000B  mc_w.l(entry9a.o)
    0x080000fc   0x00000000   Code   RO         3904    .ARM.Collect$$$$0000000D  mc_w.l(entry10a.o)
    0x080000fc   0x00000000   Code   RO         3906    .ARM.Collect$$$$0000000F  mc_w.l(entry11a.o)
    0x080000fc   0x00000004   Code   RO         3895    .ARM.Collect$$$$00002712  mc_w.l(entry2.o)
    0x08000100   0x00000024   Code   RO         3439    .text               startup_stm32f10x_md.o
    0x08000124   0x00000024   Code   RO         3539    .text               mc_w.l(memcpya.o)
    0x08000148   0x000000b0   Code   RO         3804    .text               mf_w.l(fadd.o)
    0x080001f8   0x00000064   Code   RO         3806    .text               mf_w.l(fmul.o)
    0x0800025c   0x0000007c   Code   RO         3808    .text               mf_w.l(fdiv.o)
    0x080002d8   0x000000e4   Code   RO         3810    .text               mf_w.l(dmul.o)
    0x080003bc   0x00000012   Code   RO         3812    .text               mf_w.l(fflti.o)
    0x080003ce   0x00000022   Code   RO         3818    .text               mf_w.l(dflti.o)
    0x080003f0   0x00000032   Code   RO         3820    .text               mf_w.l(ffixi.o)
    0x08000422   0x00000028   Code   RO         3822    .text               mf_w.l(ffixui.o)
    0x0800044a   0x00000026   Code   RO         3826    .text               mf_w.l(f2d.o)
    0x08000470   0x00000030   Code   RO         3830    .text               mf_w.l(cdrcmple.o)
    0x080004a0   0x00000038   Code   RO         3832    .text               mf_w.l(d2f.o)
    0x080004d8   0x00000014   Code   RO         3834    .text               mf_w.l(cfcmple.o)
    0x080004ec   0x00000014   Code   RO         3836    .text               mf_w.l(cfrcmple.o)
    0x08000500   0x0000002c   Code   RO         3909    .text               mc_w.l(uidiv.o)
    0x0800052c   0x00000062   Code   RO         3911    .text               mc_w.l(uldiv.o)
    0x0800058e   0x0000001e   Code   RO         3913    .text               mc_w.l(llshl.o)
    0x080005ac   0x00000000   Code   RO         3922    .text               mc_w.l(iusefp.o)
    0x080005ac   0x0000006e   Code   RO         3923    .text               mf_w.l(fepilogue.o)
    0x0800061a   0x000000ba   Code   RO         3929    .text               mf_w.l(depilogue.o)
    0x080006d4   0x0000014e   Code   RO         3931    .text               mf_w.l(dadd.o)
    0x08000822   0x000000de   Code   RO         3933    .text               mf_w.l(ddiv.o)
    0x08000900   0x0000002e   Code   RO         3935    .text               mf_w.l(dscalb.o)
    0x0800092e   0x00000030   Code   RO         3937    .text               mf_w.l(dfixul.o)
    0x0800095e   0x00000002   PAD
    0x08000960   0x00000024   Code   RO         3943    .text               mc_w.l(init.o)
    0x08000984   0x00000020   Code   RO         3945    .text               mc_w.l(llushr.o)
    0x080009a4   0x00000024   Code   RO         3947    .text               mc_w.l(llsshr.o)
    0x080009c8   0x000000a2   Code   RO         3949    .text               mf_w.l(dsqrt.o)
    0x08000a6a   0x00000056   Code   RO         3959    .text               mc_w.l(__dczerorl2.o)
    0x08000ac0   0x0000003e   Code   RO          203    i.ACC_Offset_LED    led.o
    0x08000afe   0x00000002   PAD
    0x08000b00   0x0000050c   Code   RO         1503    i.ANO_DT_Data_Receive_Anl  ano_dt.o
    0x0800100c   0x000000f4   Code   RO         1504    i.ANO_DT_Data_Receive_Prepare  ano_dt.o
    0x08001100   0x00000048   Code   RO         1505    i.ANO_DT_Send_Check  ano_dt.o
    0x08001148   0x00000010   Code   RO         1506    i.ANO_DT_Send_Data  ano_dt.o
    0x08001158   0x00000084   Code   RO         1604    i.Button_command    remotedata.o
    0x080011dc   0x00000044   Code   RO          367    i.Delay_Init        delay.o
    0x08001220   0x00000048   Code   RO          368    i.Delay_ms          delay.o
    0x08001268   0x00000048   Code   RO          369    i.Delay_us          delay.o
    0x080012b0   0x00000080   Code   RO          160    i.EXTI2_IRQHandler  stm32f10x_it.o
    0x08001330   0x0000000c   Code   RO         1942    i.EXTI_ClearITPendingBit  stm32f10x_exti.o
    0x0800133c   0x00000028   Code   RO         1946    i.EXTI_GetITStatus  stm32f10x_exti.o
    0x08001364   0x0000004c   Code   RO         2012    i.FLASH_ErasePage   stm32f10x_flash.o
    0x080013b0   0x00000034   Code   RO         2013    i.FLASH_GetBank1Status  stm32f10x_flash.o
    0x080013e4   0x00000014   Code   RO         2022    i.FLASH_Lock        stm32f10x_flash.o
    0x080013f8   0x0000006c   Code   RO         2027    i.FLASH_ProgramWord  stm32f10x_flash.o
    0x08001464   0x00000018   Code   RO         2030    i.FLASH_Unlock      stm32f10x_flash.o
    0x0800147c   0x00000026   Code   RO         2034    i.FLASH_WaitForLastOperation  stm32f10x_flash.o
    0x080014a2   0x0000005a   Code   RO         1149    i.FindPos           filter.o
    0x080014fc   0x00000116   Code   RO         2199    i.GPIO_Init         stm32f10x_gpio.o
    0x08001612   0x00000004   Code   RO         2206    i.GPIO_ResetBits    stm32f10x_gpio.o
    0x08001616   0x00000004   Code   RO         2207    i.GPIO_SetBits      stm32f10x_gpio.o
    0x0800161a   0x0000003e   Code   RO          206    i.GYRO_Offset_LED   led.o
    0x08001658   0x0000003c   Code   RO          513    i.IIC_Ack           iic.o
    0x08001694   0x00000038   Code   RO          514    i.IIC_GPIO_Init     iic.o
    0x080016cc   0x0000003c   Code   RO          515    i.IIC_NAck          iic.o
    0x08001708   0x0000005c   Code   RO          516    i.IIC_ReadByte      iic.o
    0x08001764   0x0000004a   Code   RO          517    i.IIC_ReadByteFromSlave  iic.o
    0x080017ae   0x00000072   Code   RO          518    i.IIC_ReadMultByteFromSlave  iic.o
    0x08001820   0x00000064   Code   RO          519    i.IIC_SendByte      iic.o
    0x08001884   0x00000038   Code   RO          520    i.IIC_Start         iic.o
    0x080018bc   0x00000034   Code   RO          521    i.IIC_Stop          iic.o
    0x080018f0   0x00000058   Code   RO          522    i.IIC_WaitAck       iic.o
    0x08001948   0x00000046   Code   RO          523    i.IIC_WriteByteToSlave  iic.o
    0x0800198e   0x00000002   PAD
    0x08001990   0x0000061c   Code   RO         1238    i.IMUupdate         imu.o
    0x08001fac   0x00000040   Code   RO          207    i.LED_Init          led.o
    0x08001fec   0x00000034   Code   RO          208    i.LED_Run           led.o
    0x08002020   0x00000034   Code   RO          796    i.MPU6050_Check     mpu6050.o
    0x08002054   0x0000004e   Code   RO          798    i.MPU6050_Init      mpu6050.o
    0x080020a2   0x00000002   PAD
    0x080020a4   0x000000c0   Code   RO          799    i.MPU6050_OffSet    mpu6050.o
    0x08002164   0x0000012c   Code   RO          800    i.MPU6050_Offset    mpu6050.o
    0x08002290   0x00000014   Code   RO          801    i.MPU6050_Read      mpu6050.o
    0x080022a4   0x0000001a   Code   RO          802    i.MPU6050_ReadByte  mpu6050.o
    0x080022be   0x0000001e   Code   RO          803    i.MPU6050_ReadMultBytes  mpu6050.o
    0x080022dc   0x0000001a   Code   RO          805    i.MPU6050_WriteByte  mpu6050.o
    0x080022f6   0x00000010   Code   RO          807    i.MPU6050_getDeviceID  mpu6050.o
    0x08002306   0x00000012   Code   RO          808    i.MPU6050_testConnection  mpu6050.o
    0x08002318   0x00000070   Code   RO         1659    i.NVIC_Init         misc.o
    0x08002388   0x00000014   Code   RO         1660    i.NVIC_PriorityGroupConfig  misc.o
    0x0800239c   0x0000005e   Code   RO          465    i.NvicConfig        nvic.o
    0x080023fa   0x00000002   PAD
    0x080023fc   0x0000003c   Code   RO         1325    i.PID_WriteFlash    paramsave.o
    0x08002438   0x00000244   Code   RO         1327    i.ParamsToTable     paramsave.o
    0x0800267c   0x00000188   Code   RO         1239    i.Prepare_Data      imu.o
    0x08002804   0x00000038   Code   RO         1151    i.QuiteSort         filter.o
    0x0800283c   0x00000020   Code   RO         2321    i.RCC_APB1PeriphClockCmd  stm32f10x_rcc.o
    0x0800285c   0x00000020   Code   RO         2323    i.RCC_APB2PeriphClockCmd  stm32f10x_rcc.o
    0x0800287c   0x000000d4   Code   RO         2331    i.RCC_GetClocksFreq  stm32f10x_rcc.o
    0x08002950   0x0000001a   Code   RO          209    i.RGB_LED_Blue      led.o
    0x0800296a   0x0000002a   Code   RO          211    i.RGB_LED_FLY       led.o
    0x08002994   0x0000001a   Code   RO          212    i.RGB_LED_Off       led.o
    0x080029ae   0x0000001a   Code   RO          220    i.RGB_LED_green     led.o
    0x080029c8   0x00000028   Code   RO          221    i.RGB_WByte         led.o
    0x080029f0   0x00000094   Code   RO         1605    i.Remote_Data_ReceiveAnalysis  remotedata.o
    0x08002a84   0x00000028   Code   RO          525    i.SDA_IN            iic.o
    0x08002aac   0x0000002c   Code   RO          526    i.SDA_OUT           iic.o
    0x08002ad8   0x0000004c   Code   RO         1012    i.SI24R1_Read_Buf   si24r1.o
    0x08002b24   0x00000038   Code   RO         1013    i.SI24R1_RxPacket   si24r1.o
    0x08002b5c   0x00000038   Code   RO         1017    i.SI24R1_read_reg   si24r1.o
    0x08002b94   0x00000038   Code   RO         1019    i.SI24R1_write_reg  si24r1.o
    0x08002bcc   0x00000070   Code   RO         1020    i.SI24R1set_Mode    si24r1.o
    0x08002c3c   0x00000038   Code   RO          615    i.SPI2_WriteReadByte  spi.o
    0x08002c74   0x00000012   Code   RO         2544    i.SPI_I2S_GetFlagStatus  stm32f10x_spi.o
    0x08002c86   0x00000006   Code   RO         2547    i.SPI_I2S_ReceiveData  stm32f10x_spi.o
    0x08002c8c   0x00000004   Code   RO         2548    i.SPI_I2S_SendData  stm32f10x_spi.o
    0x08002c90   0x00000006   Code   RO          924    i.STMFLASH_ReadWord  flash.o
    0x08002c96   0x00000002   PAD
    0x08002c98   0x00000088   Code   RO          925    i.STMFLASH_Write    flash.o
    0x08002d20   0x000000a0   Code   RO         1398    i.Safety_Check      control.o
    0x08002dc0   0x00000008   Code   RO         3446    i.SetSysClock       system_stm32f10x.o
    0x08002dc8   0x000000e0   Code   RO         3447    i.SetSysClockTo72   system_stm32f10x.o
    0x08002ea8   0x0000011c   Code   RO         1154    i.SortAver_FilterXYZ  filter.o
    0x08002fc4   0x00000028   Code   RO         1663    i.SysTick_CLKSourceConfig  misc.o
    0x08002fec   0x00000060   Code   RO         3449    i.SystemInit        system_stm32f10x.o
    0x0800304c   0x00000044   Code   RO         1114    i.System_Init       system.o
    0x08003090   0x00000104   Code   RO          161    i.TIM4_IRQHandler   stm32f10x_it.o
    0x08003194   0x00000006   Code   RO         2698    i.TIM_ClearITPendingBit  stm32f10x_tim.o
    0x0800319a   0x00000018   Code   RO         2703    i.TIM_Cmd           stm32f10x_tim.o
    0x080031b2   0x00000022   Code   RO         2724    i.TIM_GetITStatus   stm32f10x_tim.o
    0x080031d4   0x00000012   Code   RO         2728    i.TIM_ITConfig      stm32f10x_tim.o
    0x080031e6   0x00000002   PAD
    0x080031e8   0x00000044   Code   RO          441    i.TIM_Init          tim.o
    0x0800322c   0x000000a4   Code   RO         2774    i.TIM_TimeBaseInit  stm32f10x_tim.o
    0x080032d0   0x00000094   Code   RO         1115    i.Task_Schedule     system.o
    0x08003364   0x0000004c   Code   RO          162    i.USART1_IRQHandler  stm32f10x_it.o
    0x080033b0   0x0000001e   Code   RO         3248    i.USART_ClearITPendingBit  stm32f10x_usart.o
    0x080033ce   0x00000018   Code   RO         3251    i.USART_Cmd         stm32f10x_usart.o
    0x080033e6   0x0000001a   Code   RO         3254    i.USART_GetFlagStatus  stm32f10x_usart.o
    0x08003400   0x00000054   Code   RO         3255    i.USART_GetITStatus  stm32f10x_usart.o
    0x08003454   0x0000004a   Code   RO         3257    i.USART_ITConfig    stm32f10x_usart.o
    0x0800349e   0x00000002   PAD
    0x080034a0   0x000000d8   Code   RO         3258    i.USART_Init        stm32f10x_usart.o
    0x08003578   0x00000008   Code   RO         3268    i.USART_SendData    stm32f10x_usart.o
    0x08003580   0x00000098   Code   RO          405    i.USART_init        usart.o
    0x08003618   0x00000070   Code   RO          222    i.Write0            led.o
    0x08003688   0x00000068   Code   RO          223    i.Write1            led.o
    0x080036f0   0x0000001c   Code   RO          224    i.Write24Bit        led.o
    0x0800370c   0x00000020   Code   RO         3776    i.__0printf         mc_w.l(printfa.o)
    0x0800372c   0x00000028   Code   RO         3862    i.__ARM_fpclassify  m_ws.l(fpclassify.o)
    0x08003754   0x000000aa   Code   RO         3880    i.__kernel_poly     m_ws.l(poly.o)
    0x080037fe   0x00000006   Code   RO         3849    i.__mathlib_dbl_infnan  m_ws.l(dunder.o)
    0x08003804   0x00000004   Code   RO         3850    i.__mathlib_dbl_infnan2  m_ws.l(dunder.o)
    0x08003808   0x0000000c   Code   RO         3851    i.__mathlib_dbl_invalid  m_ws.l(dunder.o)
    0x08003814   0x00000010   Code   RO         3854    i.__mathlib_dbl_underflow  m_ws.l(dunder.o)
    0x08003824   0x0000000e   Code   RO         3953    i.__scatterload_copy  mc_w.l(handlers.o)
    0x08003832   0x00000002   Code   RO         3954    i.__scatterload_null  mc_w.l(handlers.o)
    0x08003834   0x0000000e   Code   RO         3955    i.__scatterload_zeroinit  mc_w.l(handlers.o)
    0x08003842   0x00000002   PAD
    0x08003844   0x0000000c   Code   RO         3917    i.__set_errno       mc_w.l(errno.o)
    0x08003850   0x00000164   Code   RO         3783    i._fp_digits        mc_w.l(printfa.o)
    0x080039b4   0x000006dc   Code   RO         3784    i._printf_core      mc_w.l(printfa.o)
    0x08004090   0x00000024   Code   RO         3785    i._printf_post_padding  mc_w.l(printfa.o)
    0x080040b4   0x0000002e   Code   RO         3786    i._printf_pre_padding  mc_w.l(printfa.o)
    0x080040e2   0x00000002   PAD
    0x080040e4   0x00000270   Code   RO         3490    i.asin              m_ws.l(asin.o)
    0x08004354   0x00000220   Code   RO         3839    i.atan              m_ws.l(atan.o)
    0x08004574   0x00000180   Code   RO         3500    i.atan2             m_ws.l(atan2.o)
    0x080046f4   0x00000024   Code   RO          406    i.fputc             usart.o
    0x08004718   0x0000004c   Code   RO         1240    i.invSqrt           imu.o
    0x08004764   0x0000000c   Code   RO            4    i.main              main.o
    0x08004770   0x0000004c   Code   RO         3887    i.sqrt              m_ws.l(sqrt.o)
    0x080047bc   0x00000030   Code   RO          407    i.usart_send        usart.o
    0x080047ec   0x00000024   Data   RO         1242    .constdata          imu.o
    0x08004810   0x00000050   Data   RO         3491    .constdata          m_ws.l(asin.o)
    0x08004860   0x00000098   Data   RO         3840    .constdata          m_ws.l(atan.o)
    0x080048f8   0x00000008   Data   RO         3882    .constdata          m_ws.l(qnan.o)
    0x08004900   0x00000020   Data   RO         3951    Region$$Table       anon$$obj.o


    Execution Region RW_IRAM1 (Base: 0x20000000, Size: 0x00000f10, Max: 0x00005000, ABSOLUTE, COMPRESSED[0x00000058])

    Base Addr    Size         Type   Attr      Idx    E Section Name        Object

    0x20000000   0x00000012   Data   RW          163    .data               stm32f10x_it.o
    0x20000012   0x00000002   PAD
    0x20000014   0x000001c6   Data   RW          225    .data               led.o
    0x200001da   0x00000004   Data   RW          370    .data               delay.o
    0x200001de   0x00000002   PAD
    0x200001e0   0x0000002a   Data   RW          810    .data               mpu6050.o
    0x2000020a   0x0000000d   Data   RW         1022    .data               si24r1.o
    0x20000217   0x00000001   PAD
    0x20000218   0x00000004   Data   RW         1116    .data               system.o
    0x2000021c   0x0000000e   Data   RW         1157    .data               filter.o
    0x2000022a   0x00000002   PAD
    0x2000022c   0x00000021   Data   RW         1243    .data               imu.o
    0x2000024d   0x00000003   PAD
    0x20000250   0x0000001c   Data   RW         1402    .data               control.o
    0x2000026c   0x00000009   Data   RW         1516    .data               ano_dt.o
    0x20000275   0x00000001   PAD
    0x20000276   0x0000000c   Data   RW         1609    .data               remotedata.o
    0x20000282   0x00000014   Data   RW         2351    .data               stm32f10x_rcc.o
    0x20000296   0x00000002   PAD
    0x20000298   0x00000014   Data   RW         3450    .data               system_stm32f10x.o
    0x200002ac   0x00000004   Data   RW         3908    .data               mc_w.l(stdout.o)
    0x200002b0   0x00000004   Data   RW         3918    .data               mc_w.l(errno.o)
    0x200002b4   0x0000000e   Zero   RW          809    .bss                mpu6050.o
    0x200002c2   0x00000040   Zero   RW         1021    .bss                si24r1.o
    0x20000302   0x00000002   PAD
    0x20000304   0x00000500   Zero   RW         1156    .bss                filter.o
    0x20000804   0x00000078   Zero   RW         1241    .bss                imu.o
    0x2000087c   0x0000003e   Zero   RW         1329    .bss                paramsave.o
    0x200008ba   0x00000002   PAD
    0x200008bc   0x000001e0   Zero   RW         1401    .bss                control.o
    0x20000a9c   0x0000006e   Zero   RW         1515    .bss                ano_dt.o
    0x20000b0a   0x00000006   PAD
    0x20000b10   0x00000400   Zero   RW         3436    STACK               startup_stm32f10x_md.o


==============================================================================

Image component sizes


      Code (inc. data)   RO Data    RW Data    ZI Data      Debug   Object Name

      1624        102          0          9        110       4624   ano_dt.o
       160         38          0         28        480       5337   control.o
       212         30          0          4          0       1495   delay.o
       430         20          0         14       1280      11161   filter.o
       142         10          0          0          0       1565   flash.o
       906         50          0          0          0       6966   iic.o
      2032        116         36         33        120       7754   imu.o
       644         26          0        454          0       7079   led.o
        12          0          0          0          0     267071   main.o
       172         22          0          0          0       2245   misc.o
       758         76          0         42         14      10013   mpu6050.o
        94          0          0          0          0        481   nvic.o
       640         62          0          0         62       5296   paramsave.o
       280         28          0         12          0       5818   remotedata.o
       356         24          0         13         64       3985   si24r1.o
        56          6          0          0          0        493   spi.o
        36          8        236          0       1024        792   startup_stm32f10x_md.o
        52         12          0          0          0       1188   stm32f10x_exti.o
       318         32          0          0          0       5102   stm32f10x_flash.o
       286          0          0          0          0       3204   stm32f10x_gpio.o
       464         68          0         18          0       2018   stm32f10x_it.o
       276         32          0         20          0       4606   stm32f10x_rcc.o
        28          0          0          0          0       2869   stm32f10x_spi.o
       246         42          0          0          0       3798   stm32f10x_tim.o
       462          6          0          0          0       6523   stm32f10x_usart.o
       216         64          0          4          0        910   system.o
       328         28          0         20          0       2165   system_stm32f10x.o
        68          6          0          0          0        451   tim.o
       236         20          0          0          0       1954   usart.o

    ----------------------------------------------------------------------
     11548        928        304        684       3164     376963   Object Totals
         0          0         32          0          0          0   (incl. Generated)
        14          0          0         13         10          0   (incl. Padding)

    ----------------------------------------------------------------------

      Code (inc. data)   RO Data    RW Data    ZI Data      Debug   Library Member Name

       624         52         80          0          0        168   asin.o
       544         70        152          0          0        124   atan.o
       384         38          0          0          0        144   atan2.o
        38          6          0          0          0        272   dunder.o
        40          0          0          0          0         68   fpclassify.o
       170          0          0          0          0         96   poly.o
         0          0          8          0          0          0   qnan.o
        76          0          0          0          0         84   sqrt.o
        86          0          0          0          0          0   __dczerorl2.o
         0          0          0          0          0          0   entry.o
         0          0          0          0          0          0   entry10a.o
         0          0          0          0          0          0   entry11a.o
         8          4          0          0          0          0   entry2.o
         4          0          0          0          0          0   entry5.o
         0          0          0          0          0          0   entry7b.o
         0          0          0          0          0          0   entry8b.o
         8          4          0          0          0          0   entry9a.o
        12          6          0          4          0         68   errno.o
        30          0          0          0          0          0   handlers.o
        36          8          0          0          0         68   init.o
         0          0          0          0          0          0   iusefp.o
        30          0          0          0          0         68   llshl.o
        36          0          0          0          0         68   llsshr.o
        32          0          0          0          0         68   llushr.o
        36          0          0          0          0         68   memcpya.o
      2226         90          0          0          0        444   printfa.o
         0          0          0          4          0          0   stdout.o
        44          0          0          0          0         80   uidiv.o
        98          0          0          0          0         92   uldiv.o
        48          0          0          0          0         68   cdrcmple.o
        20          0          0          0          0         68   cfcmple.o
        20          0          0          0          0         68   cfrcmple.o
        56          0          0          0          0         88   d2f.o
       334          0          0          0          0        148   dadd.o
       222          0          0          0          0        100   ddiv.o
       186          0          0          0          0        176   depilogue.o
        48          0          0          0          0         68   dfixul.o
        34          0          0          0          0         76   dflti.o
       228          0          0          0          0         96   dmul.o
        46          0          0          0          0         80   dscalb.o
       162          0          0          0          0        100   dsqrt.o
        38          0          0          0          0         68   f2d.o
       176          0          0          0          0        140   fadd.o
       124          0          0          0          0         88   fdiv.o
       110          0          0          0          0        168   fepilogue.o
        50          0          0          0          0         68   ffixi.o
        40          0          0          0          0         68   ffixui.o
        18          0          0          0          0         68   fflti.o
       100          0          0          0          0         76   fmul.o

    ----------------------------------------------------------------------
      6628        278        240          8          0       3860   Library Totals
         6          0          0          0          0          0   (incl. Padding)

    ----------------------------------------------------------------------

      Code (inc. data)   RO Data    RW Data    ZI Data      Debug   Library Name

      1876        166        240          0          0        956   m_ws.l
      2686        112          0          8          0       1024   mc_w.l
      2060          0          0          0          0       1880   mf_w.l

    ----------------------------------------------------------------------
      6628        278        240          8          0       3860   Library Totals

    ----------------------------------------------------------------------

==============================================================================


      Code (inc. data)   RO Data    RW Data    ZI Data      Debug   

     18176       1206        544        692       3164     373515   Grand Totals
     18176       1206        544         88       3164     373515   ELF Image Totals (compressed)
     18176       1206        544         88          0          0   ROM Totals

==============================================================================

    Total RO  Size (Code + RO Data)                18720 (  18.28kB)
    Total RW  Size (RW Data + ZI Data)              3856 (   3.77kB)
    Total ROM Size (Code + RO Data + RW Data)      18808 (  18.37kB)

==============================================================================

